// Jest Snapshot v1, https://goo.gl/fbAQLP

exports[`should render Header correctly 1`] = `
<header
  className="header"
>
  <div
    className="content-container"
  >
    <div
      className="header__content"
    >
      <Link
        className="header__title"
        to="/dashboard"
      >
        <h1>
          Expensify
        </h1>
      </Link>
      <button
        className="button button--link"
        onClick={[Function]}
      >
        Logout
        <i
          className="fas fa-sign-out-alt"
          style={
            Object {
              "marginLeft": "5px",
            }
          }
        />
      </button>
    </div>
  </div>
</header>
`;
